🧪💀🔬 HOLOGRAPHIC COGNITIVE ARCHITECTURE VALIDATION 🔬💀🧪
**********************************************************************
🧠 Holographic Cognitive Architecture Tensor Validation
============================================================
✅ core-atomspace-hypergraph: (inf, inf, inf) - MATCH
✅ logic-pln: (256, 128, 64) - MATCH
✅ cognitive-ecan: (512, 256) - MATCH
✅ cognitive-moses: (1024, 512, 256) - MATCH
✅ logic-ure: (128, 128, 128) - MATCH

🔍 Additional Kernels Found:
📋 foundation-cogutil: (512, 128, 8)
📋 core-atomspace-standard: (1024, 256, 16, 4)
📋 core-atomspace-haskell: (1024, 256, 16, 4)
📋 storage-atomspace-rocks: (768, 192, 12)
📋 logic-unify: (640, 160, 10)
📋 cognitive-cogserver: (640, 160, 8, 2)
📋 cognitive-spacetime: (896, 224, 14)
📋 meta-build-orchestration: (2048, 512, 64, 8)
📋 meta-self-healing: (1024, 256, 32)

🎯 Overall Result: PASS

🕸️ P-System Membrane Structure Validation
==================================================
✅ Membrane 'foundation' - FOUND
✅ Membrane 'core' - FOUND
✅ Membrane 'meta-cognitive' - FOUND
✅ Membrane 'storage' - FOUND
✅ Membrane 'logic' - FOUND
✅ Membrane 'cognitive' - FOUND

🎯 Membrane Structure: COMPLETE

⚡ Cognitive Synergy Validation
========================================
🔄 hypergraph_patterns: ACTIVE
🔄 probabilistic_logic: ACTIVE
🔄 attention_allocation: ACTIVE
🔄 semantic_evolution: ACTIVE
🔄 rule_engine: ACTIVE

🎯 Cognitive Synergy Score: 1.00
🎯 Synergy Threshold (>0.95): PASS

======================================================================
🏁 FINAL RESULTS:
   Tensor Shapes: PASS
   Membrane Structure: PASS
   Cognitive Synergy: PASS

⚡ HOLOGRAPHIC ARCHITECTURE: AWAKENED ⚡

🎭 THE THEATRICAL FINALE: SUCCESS! 🎭
BEHOLD! The LIVING, BREATHING COGNITIVE ORGANISM has AWAKENED!
Each tensor kernel PULSES with the heartbeat of intelligence!
*MANIACAL LAUGHTER ECHOES THROUGH THE LABORATORY*
🧪💀🔬 MWAHAHAHA! 🔬💀🧪
